FAIL	github.com/fosrl/newt [setup failed]
FAIL	github.com/fosrl/newt/docker [setup failed]
FAIL	github.com/fosrl/newt/internal/state [setup failed]
FAIL	github.com/fosrl/newt/internal/telemetry [setup failed]
FAIL	github.com/fosrl/newt/proxy [setup failed]
FAIL	github.com/fosrl/newt/websocket [setup failed]
FAIL	github.com/fosrl/newt/wgnetstack [setup failed]
?   	github.com/fosrl/newt/healthcheck	[no test files]
?   	github.com/fosrl/newt/logger	[no test files]
?   	github.com/fosrl/newt/network	[no test files]
?   	github.com/fosrl/newt/updates	[no test files]
FAIL	github.com/fosrl/newt/wgtester [build failed]
FAIL
